[alexanderperrin.com.au/paper/shorttrip/index.html]
[backblue.gif]
[fade.gif]
[index.html]
[alexanderperrin.com.au/paper/shorttrip/static/img/thumb.jpg]
[alexanderperrin.com.au/paper/shorttrip/static/app20201224.css]
[alexanderperrin.com.au/ico/apple-icon-57x57.png]
[alexanderperrin.com.au/ico/apple-icon-60x60.png]
[alexanderperrin.com.au/ico/apple-icon-72x72.png]
[alexanderperrin.com.au/ico/apple-icon-76x76.png]
[alexanderperrin.com.au/ico/apple-icon-114x114.png]
[alexanderperrin.com.au/ico/apple-icon-120x120.png]
[alexanderperrin.com.au/ico/apple-icon-144x144.png]
[alexanderperrin.com.au/ico/apple-icon-152x152.png]
[alexanderperrin.com.au/ico/apple-icon-180x180.png]
[alexanderperrin.com.au/ico/android-icon-192x192.png]
[alexanderperrin.com.au/ico/favicon-32x32.png]
[alexanderperrin.com.au/ico/favicon-96x96.png]
[alexanderperrin.com.au/ico/favicon-16x16.png]
[alexanderperrin.com.au/ico/ms-icon-144x144.png]
[alexanderperrin.com.au/paper/shorttrip/static/img/info.png]
[alexanderperrin.com.au/paper/shorttrip/static/img/spinner.svg]
[alexanderperrin.com.au/paper/shorttrip/static/bundle20201224.js]
[alexanderperrin.com.au/paper/shorttrip/index.html]
[alexanderperrin.com.au/paper/shorttrip/static/img/thumb.html]
[alexanderperrin.com.au/paper/shorttrip/static/app20201224.css]
[www.googletagmanager.com/gtm5445.html]
[alexanderperrin.com.au/paper/shorttrip/static/img/spinner.svg]
[alexanderperrin.com.au/cdn-cgi/scripts/7d0fa10a/cloudflare-static/rocket-loader.min.js]
